
> portfolio@0.1.0 build
> next build

node.exe : - warn 
You have enabled 
experimental feature 
(serverActions) in 
next.config.js.
At C:\Program Files\n
odejs\npm.ps1:29 
char:3
+   & $NODE_EXE 
$NPM_CLI_JS $args
+   ~~~~~~~~~~~~~~~~~
~~~~~~~~~~~~
    + CategoryInfo   
           : NotSpe  
  cified: (- warn    
 You have...next.    
config.js.:Strin    
g) [], RemoteExc    
eption
    + FullyQualified 
   ErrorId : Native  
  CommandError
 
- warn Experimental 
features are not 
covered by semver, 
and may cause 
unexpected or broken 
application 
behavior. Use at 
your own risk.

- info Creating an optimized production build...
Failed to compile.

HookWebpackError: 
File C:\Users\USER\De
sktop\my_portfolio\.n
ext\static\media\chat
bot.753830fe.PNG 
does not exist.
    at 
makeWebpackError (C:\
Users\USER\Desktop\my
_portfolio\node_modul
es\next\dist\compiled
\webpack\bundle5.js:2
8:311139)
    at C:\Users\USER\
Desktop\my_portfolio\
node_modules\next\dis
t\compiled\webpack\bu
ndle5.js:28:105980
    at eval (eval at 
create (C:\Users\USER
\Desktop\my_portfolio
\node_modules\next\di
st\compiled\webpack\b
undle5.js:13:28867), 
<anonymous>:47:1)
    at C:\Users\USER\
Desktop\my_portfolio\
node_modules\next\dis
t\compiled\webpack\bu
ndle5.js:28:69387
    at C:\Users\USER\
Desktop\my_portfolio\
node_modules\next\dis
t\build\webpack\plugi
ns\next-trace-entrypo
ints-plugin.js:441:14
3
-- inner error --
Error: File C:\Users\
USER\Desktop\my_portf
olio\.next\static\med
ia\chatbot.753830fe.P
NG does not exist.
    at 
Job.emitDependency (C
:\Users\USER\Desktop\
my_portfolio\node_mod
ules\next\dist\compil
ed\@vercel\nft\index.
js:1:39473)
    at async 
Promise.all (index 9)
    at async 
nodeFileTrace (C:\Use
rs\USER\Desktop\my_po
rtfolio\node_modules\
next\dist\compiled\@v
ercel\nft\index.js:1:
35430)
    at async C:\Users
\USER\Desktop\my_port
folio\node_modules\ne
xt\dist\build\webpack
\plugins\next-trace-e
ntrypoints-plugin.js:
145:28
    at async 
Span.traceAsyncFn (C:
\Users\USER\Desktop\m
y_portfolio\node_modu
les\next\dist\trace\t
race.js:103:20)
    at async TraceEnt
ryPointsPlugin.create
TraceAssets (C:\Users
\USER\Desktop\my_port
folio\node_modules\ne
xt\dist\build\webpack
\plugins\next-trace-e
ntrypoints-plugin.js:
99:9)
caused by plugins in 
Compilation.hooks.pro
cessAssets
Error: File C:\Users\
USER\Desktop\my_portf
olio\.next\static\med
ia\chatbot.753830fe.P
NG does not exist.
    at 
Job.emitDependency (C
:\Users\USER\Desktop\
my_portfolio\node_mod
ules\next\dist\compil
ed\@vercel\nft\index.
js:1:39473)
    at async 
Promise.all (index 9)
    at async 
nodeFileTrace (C:\Use
rs\USER\Desktop\my_po
rtfolio\node_modules\
next\dist\compiled\@v
ercel\nft\index.js:1:
35430)
    at async C:\Users
\USER\Desktop\my_port
folio\node_modules\ne
xt\dist\build\webpack
\plugins\next-trace-e
ntrypoints-plugin.js:
145:28
    at async 
Span.traceAsyncFn (C:
\Users\USER\Desktop\m
y_portfolio\node_modu
les\next\dist\trace\t
race.js:103:20)
    at async TraceEnt
ryPointsPlugin.create
TraceAssets (C:\Users
\USER\Desktop\my_port
folio\node_modules\ne
xt\dist\build\webpack
\plugins\next-trace-e
ntrypoints-plugin.js:
99:9)

HookWebpackError: 
Cannot read 
properties of 
undefined (reading 
'client')
    at 
makeWebpackError (C:\
Users\USER\Desktop\my
_portfolio\node_modul
es\next\dist\compiled
\webpack\bundle5.js:2
8:311139)
    at C:\Users\USER\
Desktop\my_portfolio\
node_modules\next\dis
t\compiled\webpack\bu
ndle5.js:28:105980
    at eval (eval at 
create (C:\Users\USER
\Desktop\my_portfolio
\node_modules\next\di
st\compiled\webpack\b
undle5.js:13:28867), 
<anonymous>:13:1)
    at fn (C:\Users\U
SER\Desktop\my_portfo
lio\node_modules\next
\dist\compiled\webpac
k\bundle5.js:28:69081
)
    at _next6 (eval 
at create (C:\Users\U
SER\Desktop\my_portfo
lio\node_modules\next
\dist\compiled\webpac
k\bundle5.js:13:28867
), <anonymous>:11:1)
    at eval (eval at 
create (C:\Users\USER
\Desktop\my_portfolio
\node_modules\next\di
st\compiled\webpack\b
undle5.js:13:28867), 
<anonymous>:27:1)
    at process.proces
sTicksAndRejections (
node:internal/process
/task_queues:105:5)
-- inner error --
TypeError: Cannot 
read properties of 
undefined (reading 
'client')
    at FlightClientEn
tryPlugin.createActio
nAssets (C:\Users\USE
R\Desktop\my_portfoli
o\node_modules\next\d
ist\build\webpack\plu
gins\flight-client-en
try-plugin.js:573:70)
    at C:\Users\USER\
Desktop\my_portfolio\
node_modules\next\dis
t\build\webpack\plugi
ns\flight-client-entr
y-plugin.js:154:31
    at fn (C:\Users\U
SER\Desktop\my_portfo
lio\node_modules\next
\dist\compiled\webpac
k\bundle5.js:28:69060
)
    at _next6 (eval 
at create (C:\Users\U
SER\Desktop\my_portfo
lio\node_modules\next
\dist\compiled\webpac
k\bundle5.js:13:28867
), <anonymous>:11:1)
    at eval (eval at 
create (C:\Users\USER
\Desktop\my_portfolio
\node_modules\next\di
st\compiled\webpack\b
undle5.js:13:28867), 
<anonymous>:27:1)
    at process.proces
sTicksAndRejections (
node:internal/process
/task_queues:105:5)
caused by plugins in 
Compilation.hooks.pro
cessAssets
TypeError: Cannot 
read properties of 
undefined (reading 
'client')
    at FlightClientEn
tryPlugin.createActio
nAssets (C:\Users\USE
R\Desktop\my_portfoli
o\node_modules\next\d
ist\build\webpack\plu
gins\flight-client-en
try-plugin.js:573:70)
    at C:\Users\USER\
Desktop\my_portfolio\
node_modules\next\dis
t\build\webpack\plugi
ns\flight-client-entr
y-plugin.js:154:31
    at fn (C:\Users\U
SER\Desktop\my_portfo
lio\node_modules\next
\dist\compiled\webpac
k\bundle5.js:28:69060
)
    at _next6 (eval 
at create (C:\Users\U
SER\Desktop\my_portfo
lio\node_modules\next
\dist\compiled\webpac
k\bundle5.js:13:28867
), <anonymous>:11:1)
    at eval (eval at 
create (C:\Users\USER
\Desktop\my_portfolio
\node_modules\next\di
st\compiled\webpack\b
undle5.js:13:28867), 
<anonymous>:27:1)
    at process.proces
sTicksAndRejections (
node:internal/process
/task_queues:105:5)


> Build failed 
because of webpack 
errors
